
[7m[1m[36m RUN [39m[22m[27m [36mv1.6.1[39m [90mc:/Users/prote/Documents/software-devel/ksf_amortization/frontend[39m

 [33m❯[39m tests/unit/components/admin/MetricsDashboard.spec.js [2m ([22m[2m0 test[22m[2m)[22m
 [33m❯[39m tests/unit/components/auth/ProfileView.spec.js [2m ([22m[2m0 test[22m[2m)[22m
 [33m❯[39m tests/unit/components/common/TopNavigation.spec.js [2m ([22m[2m0 test[22m[2m)[22m
 [33m❯[39m tests/unit/stores/clients.spec.js [2m ([22m[2m0 test[22m[2m)[22m
 [33m❯[39m tests/unit/components/admin/ClientForm.spec.js [2m ([22m[2m0 test[22m[2m)[22m
 [33m❯[39m tests/unit/stores/metrics.spec.js [2m ([22m[2m0 test[22m[2m)[22m
 [33m❯[39m tests/unit/components/admin/ClientList.spec.js [2m ([22m[2m0 test[22m[2m)[22m
 [33m❯[39m tests/unit/components/auth/LoginForm.spec.js [2m ([22m[2m0 test[22m[2m)[22m
 [33m❯[39m tests/unit/router/index.spec.js [2m ([22m[2m0 test[22m[2m)[22m
 [33m❯[39m tests/unit/stores/ui.spec.js [2m ([22m[2m0 test[22m[2m)[22m
 [33m❯[39m tests/unit/components/auth/ConsentForm.spec.js [2m ([22m[2m0 test[22m[2m)[22m
 [33m❯[39m tests/unit/stores/auth.spec.js [2m ([22m[2m0 test[22m[2m)[22m
 [33m❯[39m tests/unit/components/common/Button.spec.js [2m ([22m[2m0 test[22m[2m)[22m
 [33m❯[39m tests/unit/components/common/LoadingOverlay.spec.js [2m ([22m[2m0 test[22m[2m)[22m
 [33m❯[39m tests/unit/components/common/GlobalModal.spec.js [2m ([22m[2m0 test[22m[2m)[22m
 [33m❯[39m tests/unit/components/common/Alert.spec.js [2m ([22m[2m0 test[22m[2m)[22m
 [33m❯[39m tests/unit/views/user/DashboardPage.spec.js [2m ([22m[2m0 test[22m[2m)[22m
 [33m❯[39m tests/unit/views/admin/AdminDashboardPage.spec.js [2m ([22m[2m0 test[22m[2m)[22m
 [33m❯[39m tests/unit/views/auth/LoginPage.spec.js [2m ([22m[2m0 test[22m[2m)[22m
 [33m❯[39m tests/unit/views/user/ProfilePage.spec.js [2m ([22m[2m0 test[22m[2m)[22m
 [33m❯[39m tests/unit/sanity.spec.js [2m ([22m[2m0 test[22m[2m)[22m

[31m⎯⎯⎯⎯⎯⎯[1m[7m Failed Suites 21 [27m[22m⎯⎯⎯⎯⎯⎯[39m

[31m[1m[7m FAIL [27m[22m[39m tests/unit/sanity.spec.js [2m[ tests/unit/sanity.spec.js ][22m
[31m[1m[7m FAIL [27m[22m[39m tests/unit/router/index.spec.js [2m[ tests/unit/router/index.spec.js ][22m
[31m[1m[7m FAIL [27m[22m[39m tests/unit/stores/auth.spec.js [2m[ tests/unit/stores/auth.spec.js ][22m
[31m[1m[7m FAIL [27m[22m[39m tests/unit/stores/clients.spec.js [2m[ tests/unit/stores/clients.spec.js ][22m
[31m[1m[7m FAIL [27m[22m[39m tests/unit/stores/metrics.spec.js [2m[ tests/unit/stores/metrics.spec.js ][22m
[31m[1m[7m FAIL [27m[22m[39m tests/unit/stores/ui.spec.js [2m[ tests/unit/stores/ui.spec.js ][22m
[31m[1m[7m FAIL [27m[22m[39m tests/unit/components/admin/ClientForm.spec.js [2m[ tests/unit/components/admin/ClientForm.spec.js ][22m
[31m[1m[7m FAIL [27m[22m[39m tests/unit/components/admin/ClientList.spec.js [2m[ tests/unit/components/admin/ClientList.spec.js ][22m
[31m[1m[7m FAIL [27m[22m[39m tests/unit/components/admin/MetricsDashboard.spec.js [2m[ tests/unit/components/admin/MetricsDashboard.spec.js ][22m
[31m[1m[7m FAIL [27m[22m[39m tests/unit/components/auth/ConsentForm.spec.js [2m[ tests/unit/components/auth/ConsentForm.spec.js ][22m
[31m[1m[7m FAIL [27m[22m[39m tests/unit/components/auth/LoginForm.spec.js [2m[ tests/unit/components/auth/LoginForm.spec.js ][22m
[31m[1m[7m FAIL [27m[22m[39m tests/unit/components/auth/ProfileView.spec.js [2m[ tests/unit/components/auth/ProfileView.spec.js ][22m
[31m[1m[7m FAIL [27m[22m[39m tests/unit/components/common/Alert.spec.js [2m[ tests/unit/components/common/Alert.spec.js ][22m
[31m[1m[7m FAIL [27m[22m[39m tests/unit/components/common/Button.spec.js [2m[ tests/unit/components/common/Button.spec.js ][22m
[31m[1m[7m FAIL [27m[22m[39m tests/unit/components/common/GlobalModal.spec.js [2m[ tests/unit/components/common/GlobalModal.spec.js ][22m
[31m[1m[7m FAIL [27m[22m[39m tests/unit/components/common/LoadingOverlay.spec.js [2m[ tests/unit/components/common/LoadingOverlay.spec.js ][22m
[31m[1m[7m FAIL [27m[22m[39m tests/unit/components/common/TopNavigation.spec.js [2m[ tests/unit/components/common/TopNavigation.spec.js ][22m
[31m[1m[7m FAIL [27m[22m[39m tests/unit/views/admin/AdminDashboardPage.spec.js [2m[ tests/unit/views/admin/AdminDashboardPage.spec.js ][22m
[31m[1m[7m FAIL [27m[22m[39m tests/unit/views/auth/LoginPage.spec.js [2m[ tests/unit/views/auth/LoginPage.spec.js ][22m
[31m[1m[7m FAIL [27m[22m[39m tests/unit/views/user/DashboardPage.spec.js [2m[ tests/unit/views/user/DashboardPage.spec.js ][22m
[31m[1m[7m FAIL [27m[22m[39m tests/unit/views/user/ProfilePage.spec.js [2m[ tests/unit/views/user/ProfilePage.spec.js ][22m
[31m[1mError[22m: Expected ';', '}' or <eof>[39m
[90m [2m❯[22m getRollupError node_modules/rollup/dist/es/shared/parseAst.js:[2m406:41[22m[39m
[90m [2m❯[22m convertProgram node_modules/rollup/dist/es/shared/parseAst.js:[2m1132:26[22m[39m
[90m [2m❯[22m parseAstAsync node_modules/rollup/dist/es/shared/parseAst.js:[2m2122:106[22m[39m
[90m [2m❯[22m ssrTransformScript node_modules/vite/dist/node/chunks/dep-BK3b2jBa.js:[2m52430:11[22m[39m

[31m[2m⎯⎯⎯⎯⎯⎯⎯⎯⎯⎯⎯⎯⎯⎯⎯⎯⎯⎯⎯⎯⎯⎯⎯[1/21]⎯[22m[39m

[2m Test Files [22m [1m[31m21 failed[39m[22m[90m (21)[39m
[2m      Tests [22m [2mno tests[22m
[2m   Start at [22m 00:18:55
[2m   Duration [22m 61.19s[2m (transform 698ms, setup 0ms, collect 0ms, tests 0ms, environment 27.55s, prepare 15.51s)[22m

