PHPUnit 12.5.3 by Sebastian Bergmann and contributors.

Runtime:       PHP 8.4.14
Configuration: C:\Users\prote\Documents\ksf_amortization\phpunit.xml

........D......................D.EEEE..FE......................  63 / 384 ( 16%)
............................................................... 126 / 384 ( 32%)
......................................................D........ 189 / 384 ( 49%)
.......................................W....................... 252 / 384 ( 65%)
............................................................... 315 / 384 ( 82%)
..........F.......F............FF.F.F....FE...................E 378 / 384 ( 98%)
.F....                                                          384 / 384 (100%)

Time: 00:04.523, Memory: 20.00 MB

There were 7 errors:

1) Tests\Unit\EventHandlers\PartialPaymentEventHandlerTest::testPartialPaymentCreatesArrears
RuntimeException: Cannot determine regular payment amount from schedule

C:\Users\prote\Documents\ksf_amortization\src\Ksfraser\Amortizations\EventHandlers\PartialPaymentEventHandler.php:146
C:\Users\prote\Documents\ksf_amortization\src\Ksfraser\Amortizations\EventHandlers\PartialPaymentEventHandler.php:64
C:\Users\prote\Documents\ksf_amortization\tests\Unit\EventHandlers\PartialPaymentEventHandlerTest.php:97

2) Tests\Unit\EventHandlers\PartialPaymentEventHandlerTest::testPartialPaymentReducesBalance
RuntimeException: Cannot determine regular payment amount from schedule

C:\Users\prote\Documents\ksf_amortization\src\Ksfraser\Amortizations\EventHandlers\PartialPaymentEventHandler.php:146
C:\Users\prote\Documents\ksf_amortization\src\Ksfraser\Amortizations\EventHandlers\PartialPaymentEventHandler.php:64
C:\Users\prote\Documents\ksf_amortization\tests\Unit\EventHandlers\PartialPaymentEventHandlerTest.php:133

3) Tests\Unit\EventHandlers\PartialPaymentEventHandlerTest::testZeroPaymentCreatesFullArrears
RuntimeException: Cannot determine regular payment amount from schedule

C:\Users\prote\Documents\ksf_amortization\src\Ksfraser\Amortizations\EventHandlers\PartialPaymentEventHandler.php:146
C:\Users\prote\Documents\ksf_amortization\src\Ksfraser\Amortizations\EventHandlers\PartialPaymentEventHandler.php:64
C:\Users\prote\Documents\ksf_amortization\tests\Unit\EventHandlers\PartialPaymentEventHandlerTest.php:169

4) Tests\Unit\EventHandlers\PartialPaymentEventHandlerTest::testPartialPaymentRecalculatesSchedule
RuntimeException: Cannot determine regular payment amount from schedule

C:\Users\prote\Documents\ksf_amortization\src\Ksfraser\Amortizations\EventHandlers\PartialPaymentEventHandler.php:146
C:\Users\prote\Documents\ksf_amortization\src\Ksfraser\Amortizations\EventHandlers\PartialPaymentEventHandler.php:64
C:\Users\prote\Documents\ksf_amortization\tests\Unit\EventHandlers\PartialPaymentEventHandlerTest.php:200

5) Tests\Unit\EventHandlers\PartialPaymentEventHandlerTest::testCumulativePartialPaymentsAccumulate
RuntimeException: Cannot determine regular payment amount from schedule

C:\Users\prote\Documents\ksf_amortization\src\Ksfraser\Amortizations\EventHandlers\PartialPaymentEventHandler.php:146
C:\Users\prote\Documents\ksf_amortization\src\Ksfraser\Amortizations\EventHandlers\PartialPaymentEventHandler.php:64
C:\Users\prote\Documents\ksf_amortization\tests\Unit\EventHandlers\PartialPaymentEventHandlerTest.php:296

6) Tests\Integration\PartialPaymentIntegrationTest::testArrearsClearanceFlow
Error: Call to a member function isCleared() on null

C:\Users\prote\Documents\ksf_amortization\tests\Integration\PartialPaymentIntegrationTest.php:188

7) Tests\Integration\VariableRateIntegrationTest::testRateChangeImpactsSchedule
InvalidArgumentException: Loan does not have rate periods configured

C:\Users\prote\Documents\ksf_amortization\src\Ksfraser\Amortizations\Strategies\VariableRateStrategy.php:100
C:\Users\prote\Documents\ksf_amortization\tests\Integration\VariableRateIntegrationTest.php:140

--

There were 9 failures:

1) Tests\Unit\EventHandlers\PartialPaymentEventHandlerTest::testRejectsPaymentExceedingRegularAmount
Failed asserting that exception of type "RuntimeException" matches expected exception "LogicException". Message was: "Cannot determine regular payment amount from schedule" at
C:\Users\prote\Documents\ksf_amortization\src\Ksfraser\Amortizations\EventHandlers\PartialPaymentEventHandler.php:146
C:\Users\prote\Documents\ksf_amortization\src\Ksfraser\Amortizations\EventHandlers\PartialPaymentEventHandler.php:64
C:\Users\prote\Documents\ksf_amortization\tests\Unit\EventHandlers\PartialPaymentEventHandlerTest.php:270
.

2) Tests\Unit\Strategies\BalloonPaymentStrategyTest::testCalculatesCorrectPayment
Failed asserting that 634.14 is greater than 700.

C:\Users\prote\Documents\ksf_amortization\tests\Unit\Strategies\BalloonPaymentStrategyTest.php:90

3) Tests\Unit\Strategies\BalloonPaymentStrategyTest::testHandlesSinglePayment
Failed asserting that 50002.08 matches expected 50208.33.

C:\Users\prote\Documents\ksf_amortization\tests\Unit\Strategies\BalloonPaymentStrategyTest.php:269

4) Tests\Unit\Strategies\VariableRateStrategyTest::testTotalInterestWithVariableRates
Failed asserting that 75.72000000000003 is greater than 3000.

C:\Users\prote\Documents\ksf_amortization\tests\Unit\Strategies\VariableRateStrategyTest.php:339

5) Tests\Integration\BalloonPaymentIntegrationTest::testCompleteWorkflow
Failed asserting that 634.14 is greater than 700.

C:\Users\prote\Documents\ksf_amortization\tests\Integration\BalloonPaymentIntegrationTest.php:63

6) Tests\Integration\BalloonPaymentIntegrationTest::testExtraPaymentRecalculation
Failed asserting that 44365.86 matches expected 44273.39.

C:\Users\prote\Documents\ksf_amortization\tests\Integration\BalloonPaymentIntegrationTest.php:156

7) Tests\Integration\BalloonPaymentIntegrationTest::testScheduleUsedForReporting
Failed asserting that 78.35 is greater than 3000.

C:\Users\prote\Documents\ksf_amortization\tests\Integration\BalloonPaymentIntegrationTest.php:208

8) Tests\Integration\PartialPaymentIntegrationTest::testPaymentPriorityApplication
Failed asserting that 150.0 matches expected 200.0.

C:\Users\prote\Documents\ksf_amortization\tests\Integration\PartialPaymentIntegrationTest.php:152

9) Tests\Integration\VariableRateIntegrationTest::testNextRateChangeDate
Failed asserting that two strings are equal.
--- Expected
+++ Actual
@@ @@
-'2025-01-01'
+'2024-12-31'

C:\Users\prote\Documents\ksf_amortization\tests\Integration\VariableRateIntegrationTest.php:250

ERRORS!
Tests: 384, Assertions: 1616, Errors: 7, Failures: 9, Warnings: 6, Deprecations: 3.
